\BOOKMARK [1][-]{section.1}{\376\377\000P\000r\000o\000j\000e\000c\000t\000\040\000O\000v\000e\000r\000v\000i\000e\000w}{}% 1
\BOOKMARK [2][-]{subsection.1.1}{\376\377\000K\000e\000y\000\040\000O\000b\000j\000e\000c\000t\000i\000v\000e\000s\000\040\000A\000c\000h\000i\000e\000v\000e\000d}{section.1}% 2
\BOOKMARK [1][-]{section.2}{\376\377\000T\000e\000c\000h\000n\000i\000c\000a\000l\000\040\000A\000r\000c\000h\000i\000t\000e\000c\000t\000u\000r\000e}{}% 3
\BOOKMARK [2][-]{subsection.2.1}{\376\377\000S\000y\000s\000t\000e\000m\000\040\000P\000i\000p\000e\000l\000i\000n\000e}{section.2}% 4
\BOOKMARK [2][-]{subsection.2.2}{\376\377\000A\000C\000T\000\040\000P\000o\000l\000i\000c\000y\000\040\000A\000r\000c\000h\000i\000t\000e\000c\000t\000u\000r\000e}{section.2}% 5
\BOOKMARK [3][-]{subsubsection.2.2.1}{\376\377\000M\000o\000d\000e\000l\000\040\000D\000e\000s\000i\000g\000n}{subsection.2.2}% 6
\BOOKMARK [3][-]{subsubsection.2.2.2}{\376\377\000T\000r\000a\000i\000n\000i\000n\000g\000\040\000O\000b\000j\000e\000c\000t\000i\000v\000e}{subsection.2.2}% 7
\BOOKMARK [3][-]{subsubsection.2.2.3}{\376\377\000A\000C\000T\000\040\000P\000o\000l\000i\000c\000y\000\040\000I\000m\000p\000l\000e\000m\000e\000n\000t\000a\000t\000i\000o\000n}{subsection.2.2}% 8
\BOOKMARK [2][-]{subsection.2.3}{\376\377\000S\000e\000n\000s\000o\000r\000\040\000F\000u\000s\000i\000o\000n\000\040\000a\000n\000d\000\040\000D\000a\000t\000a\000\040\000P\000r\000o\000c\000e\000s\000s\000i\000n\000g}{section.2}% 9
\BOOKMARK [3][-]{subsubsection.2.3.1}{\376\377\000C\000a\000m\000e\000r\000a\000\040\000C\000o\000n\000f\000i\000g\000u\000r\000a\000t\000i\000o\000n}{subsection.2.3}% 10
\BOOKMARK [3][-]{subsubsection.2.3.2}{\376\377\000I\000m\000a\000g\000e\000\040\000P\000r\000o\000c\000e\000s\000s\000i\000n\000g\000\040\000P\000i\000p\000e\000l\000i\000n\000e}{subsection.2.3}% 11
\BOOKMARK [3][-]{subsubsection.2.3.3}{\376\377\000S\000t\000a\000t\000e\000\040\000R\000e\000p\000r\000e\000s\000e\000n\000t\000a\000t\000i\000o\000n}{subsection.2.3}% 12
\BOOKMARK [1][-]{section.3}{\376\377\000I\000m\000p\000l\000e\000m\000e\000n\000t\000a\000t\000i\000o\000n\000\040\000S\000t\000a\000t\000u\000s\000\040\000a\000n\000d\000\040\000R\000e\000s\000u\000l\000t\000s}{}% 13
\BOOKMARK [2][-]{subsection.3.1}{\376\377\000C\000o\000m\000p\000l\000e\000t\000e\000d\000\040\000C\000o\000m\000p\000o\000n\000e\000n\000t\000s}{section.3}% 14
\BOOKMARK [3][-]{subsubsection.3.1.1}{\376\377\000O\000f\000f\000l\000i\000n\000e\000\040\000I\000n\000f\000e\000r\000e\000n\000c\000e\000\040\000V\000a\000l\000i\000d\000a\000t\000i\000o\000n\000\040\000\050\047\023\000\040\0006\000/\0006\000\040\000T\000e\000s\000t\000s\000\040\000P\000a\000s\000s\000i\000n\000g\000\051}{subsection.3.1}% 15
\BOOKMARK [3][-]{subsubsection.3.1.2}{\376\377\000R\000e\000a\000l\000R\000o\000b\000o\000t\000A\000C\000T\000I\000n\000f\000e\000r\000e\000n\000c\000e\000W\000r\000a\000p\000p\000e\000r\000\040\000I\000m\000p\000l\000e\000m\000e\000n\000t\000a\000t\000i\000o\000n}{subsection.3.1}% 16
\BOOKMARK [3][-]{subsubsection.3.1.3}{\376\377\000R\000e\000a\000l\000\040\000S\000e\000n\000s\000o\000r\000\040\000I\000n\000p\000u\000t\000\040\000T\000e\000s\000t\000i\000n\000g\000\040\000\050\0005\0006\0005\000\040\000l\000i\000n\000e\000s\000,\000\040\000R\000e\000a\000d\000y\000\040\000f\000o\000r\000\040\000D\000e\000p\000l\000o\000y\000m\000e\000n\000t\000\051}{subsection.3.1}% 17
\BOOKMARK [2][-]{subsection.3.2}{\376\377\000I\000n\000f\000e\000r\000e\000n\000c\000e\000\040\000P\000e\000r\000f\000o\000r\000m\000a\000n\000c\000e\000\040\000M\000e\000t\000r\000i\000c\000s}{section.3}% 18
\BOOKMARK [2][-]{subsection.3.3}{\376\377\000D\000a\000t\000a\000\040\000C\000o\000l\000l\000e\000c\000t\000i\000o\000n\000\040\000a\000n\000d\000\040\000T\000r\000a\000i\000n\000i\000n\000g}{section.3}% 19
\BOOKMARK [3][-]{subsubsection.3.3.1}{\376\377\000D\000a\000t\000a\000s\000e\000t\000\040\000S\000t\000a\000t\000i\000s\000t\000i\000c\000s}{subsection.3.3}% 20
\BOOKMARK [3][-]{subsubsection.3.3.2}{\376\377\000T\000r\000a\000i\000n\000i\000n\000g\000\040\000C\000o\000n\000f\000i\000g\000u\000r\000a\000t\000i\000o\000n}{subsection.3.3}% 21
\BOOKMARK [3][-]{subsubsection.3.3.3}{\376\377\000T\000r\000a\000i\000n\000i\000n\000g\000\040\000R\000e\000s\000u\000l\000t\000s\000\040\000a\000n\000d\000\040\000C\000o\000n\000v\000e\000r\000g\000e\000n\000c\000e}{subsection.3.3}% 22
\BOOKMARK [1][-]{section.4}{\376\377\000S\000i\000m\000u\000l\000a\000t\000i\000o\000n\000\040\000R\000e\000s\000u\000l\000t\000s\000\040\000a\000n\000d\000\040\000A\000n\000a\000l\000y\000s\000i\000s}{}% 23
\BOOKMARK [2][-]{subsection.4.1}{\376\377\000S\000i\000m\000u\000l\000a\000t\000i\000o\000n\000\040\000E\000n\000v\000i\000r\000o\000n\000m\000e\000n\000t\000\040\000R\000e\000p\000r\000o\000d\000u\000c\000t\000i\000o\000n}{section.4}% 24
\BOOKMARK [3][-]{subsubsection.4.1.1}{\376\377\000G\000y\000m\000-\000S\000t\000y\000l\000e\000\040\000E\000n\000v\000i\000r\000o\000n\000m\000e\000n\000t\000\040\000I\000m\000p\000l\000e\000m\000e\000n\000t\000a\000t\000i\000o\000n}{subsection.4.1}% 25
\BOOKMARK [3][-]{subsubsection.4.1.2}{\376\377\000T\000r\000a\000j\000e\000c\000t\000o\000r\000y\000\040\000C\000o\000l\000l\000e\000c\000t\000i\000o\000n\000\040\000M\000e\000t\000h\000o\000d\000s}{subsection.4.1}% 26
\BOOKMARK [2][-]{subsection.4.2}{\376\377\000P\000o\000l\000i\000c\000y\000\040\000E\000v\000a\000l\000u\000a\000t\000i\000o\000n\000\040\000R\000e\000s\000u\000l\000t\000s}{section.4}% 27
\BOOKMARK [3][-]{subsubsection.4.2.1}{\376\377\000D\000e\000p\000l\000o\000y\000a\000b\000l\000e\000\040\000P\000o\000l\000i\000c\000y\000\040\000S\000u\000c\000c\000e\000s\000s\000\040\000R\000a\000t\000e\000s}{subsection.4.2}% 28
\BOOKMARK [3][-]{subsubsection.4.2.2}{\376\377\000P\000o\000l\000i\000c\000y\000\040\000P\000e\000r\000f\000o\000r\000m\000a\000n\000c\000e\000\040\000A\000n\000a\000l\000y\000s\000i\000s}{subsection.4.2}% 29
\BOOKMARK [2][-]{subsection.4.3}{\376\377\000S\000u\000m\000m\000a\000r\000y\000\040\000o\000f\000\040\000S\000i\000m\000u\000l\000a\000t\000i\000o\000n\000\040\000E\000v\000a\000l\000u\000a\000t\000i\000o\000n}{section.4}% 30
\BOOKMARK [3][-]{subsubsection.4.3.1}{\376\377\000S\000c\000o\000r\000i\000n\000g\000\040\000S\000u\000m\000m\000a\000r\000y}{subsection.4.3}% 31
\BOOKMARK [3][-]{subsubsection.4.3.2}{\376\377\000K\000e\000y\000\040\000A\000c\000h\000i\000e\000v\000e\000m\000e\000n\000t\000s}{subsection.4.3}% 32
\BOOKMARK [1][-]{section.5}{\376\377\000S\000e\000l\000f\000-\000D\000e\000f\000i\000n\000e\000d\000\040\000P\000r\000o\000b\000l\000e\000m\000\040\000a\000n\000d\000\040\000M\000e\000t\000h\000o\000d}{}% 33
\BOOKMARK [2][-]{subsection.5.1}{\376\377\000L\000i\000t\000e\000r\000a\000t\000u\000r\000e\000\040\000R\000e\000v\000i\000e\000w}{section.5}% 34
\BOOKMARK [2][-]{subsection.5.2}{\376\377\000O\000u\000r\000\040\000M\000e\000t\000h\000o\000d\000:\000\040\000O\000n\000l\000i\000n\000e\000\040\000V\000i\000s\000u\000a\000l\000\040\000A\000u\000g\000m\000e\000n\000t\000a\000t\000i\000o\000n\000\040\000P\000i\000p\000e\000l\000i\000n\000e}{section.5}% 35
\BOOKMARK [2][-]{subsection.5.3}{\376\377\000S\000e\000l\000f\000-\000D\000e\000f\000i\000n\000e\000d\000\040\000P\000r\000o\000b\000l\000e\000m\000:\000\040\000M\000U\000L\000T\000I\000-\000H\000U\000R\000D\000L\000E\000S}{section.5}% 36
\BOOKMARK [3][-]{subsubsection.5.3.1}{\376\377\000T\000a\000s\000k\000\040\000D\000e\000s\000c\000r\000i\000p\000t\000i\000o\000n}{subsection.5.3}% 37
\BOOKMARK [3][-]{subsubsection.5.3.2}{\376\377\000T\000a\000s\000k\000\040\000C\000o\000m\000p\000l\000e\000x\000i\000t\000y\000\040\000A\000n\000a\000l\000y\000s\000i\000s}{subsection.5.3}% 38
\BOOKMARK [2][-]{subsection.5.4}{\376\377\000I\000m\000p\000l\000e\000m\000e\000n\000t\000a\000t\000i\000o\000n\000\040\000a\000n\000d\000\040\000R\000e\000s\000u\000l\000t\000s}{section.5}% 39
\BOOKMARK [3][-]{subsubsection.5.4.1}{\376\377\000S\000u\000c\000c\000e\000s\000s\000\040\000R\000a\000t\000e\000\040\000\050\000c\000s\000u\000c\000c\000e\000s\000s\000\051}{subsection.5.4}% 40
\BOOKMARK [3][-]{subsubsection.5.4.2}{\376\377\000A\000n\000a\000l\000y\000s\000i\000s\000\040\000a\000n\000d\000\040\000G\000e\000n\000e\000r\000a\000l\000i\000z\000a\000t\000i\000o\000n\000\040\000\050\000c\000a\000n\000a\000l\000y\000s\000i\000s\000\051}{subsection.5.4}% 41
\BOOKMARK [1][-]{section.6}{\376\377\000R\000e\000a\000l\000\040\000R\000o\000b\000o\000t\000\040\000D\000e\000p\000l\000o\000y\000m\000e\000n\000t\000\040\000F\000r\000a\000m\000e\000w\000o\000r\000k}{}% 42
\BOOKMARK [2][-]{subsection.6.1}{\376\377\000D\000e\000p\000l\000o\000y\000m\000e\000n\000t\000\040\000A\000r\000c\000h\000i\000t\000e\000c\000t\000u\000r\000e}{section.6}% 43
\BOOKMARK [3][-]{subsubsection.6.1.1}{\376\377\000S\000e\000r\000v\000e\000r\000-\000C\000l\000i\000e\000n\000t\000\040\000D\000e\000s\000i\000g\000n\000\040\000P\000a\000t\000t\000e\000r\000n}{subsection.6.1}% 44
\BOOKMARK [3][-]{subsubsection.6.1.2}{\376\377\000I\000n\000t\000e\000g\000r\000a\000t\000i\000o\000n\000\040\000L\000a\000y\000e\000r\000s}{subsection.6.1}% 45
\BOOKMARK [2][-]{subsection.6.2}{\376\377\000T\000e\000s\000t\000i\000n\000g\000\040\000F\000r\000a\000m\000e\000w\000o\000r\000k\000\040\000a\000n\000d\000\040\000S\000a\000f\000e\000t\000y\000\040\000V\000a\000l\000i\000d\000a\000t\000i\000o\000n}{section.6}% 46
\BOOKMARK [3][-]{subsubsection.6.2.1}{\376\377\000M\000u\000l\000t\000i\000-\000S\000t\000a\000g\000e\000\040\000V\000a\000l\000i\000d\000a\000t\000i\000o\000n\000\040\000P\000i\000p\000e\000l\000i\000n\000e}{subsection.6.2}% 47
\BOOKMARK [3][-]{subsubsection.6.2.2}{\376\377\000S\000a\000f\000e\000t\000y\000\040\000M\000e\000c\000h\000a\000n\000i\000s\000m\000s\000\040\000I\000m\000p\000l\000e\000m\000e\000n\000t\000a\000t\000i\000o\000n}{subsection.6.2}% 48
\BOOKMARK [2][-]{subsection.6.3}{\376\377\000D\000e\000p\000l\000o\000y\000m\000e\000n\000t\000\040\000P\000r\000o\000g\000r\000e\000s\000s\000\040\000S\000t\000a\000t\000u\000s}{section.6}% 49
\BOOKMARK [1][-]{section.7}{\376\377\000D\000o\000c\000k\000e\000r\000\040\000C\000o\000n\000t\000a\000i\000n\000e\000r\000i\000z\000a\000t\000i\000o\000n\000\040\000a\000n\000d\000\040\000D\000e\000p\000l\000o\000y\000m\000e\000n\000t}{}% 50
\BOOKMARK [2][-]{subsection.7.1}{\376\377\000C\000o\000n\000t\000a\000i\000n\000e\000r\000i\000z\000a\000t\000i\000o\000n\000\040\000S\000t\000r\000a\000t\000e\000g\000y}{section.7}% 51
\BOOKMARK [3][-]{subsubsection.7.1.1}{\376\377\000I\000m\000a\000g\000e\000\040\000S\000t\000r\000u\000c\000t\000u\000r\000e}{subsection.7.1}% 52
\BOOKMARK [2][-]{subsection.7.2}{\376\377\000D\000e\000p\000l\000o\000y\000m\000e\000n\000t\000\040\000W\000o\000r\000k\000f\000l\000o\000w}{section.7}% 53
\BOOKMARK [1][-]{section.8}{\376\377\000C\000o\000d\000e\000\040\000Q\000u\000a\000l\000i\000t\000y\000\040\000a\000n\000d\000\040\000S\000o\000f\000t\000w\000a\000r\000e\000\040\000E\000n\000g\000i\000n\000e\000e\000r\000i\000n\000g}{}% 54
\BOOKMARK [2][-]{subsection.8.1}{\376\377\000P\000r\000o\000j\000e\000c\000t\000\040\000S\000t\000r\000u\000c\000t\000u\000r\000e\000\040\000a\000n\000d\000\040\000O\000r\000g\000a\000n\000i\000z\000a\000t\000i\000o\000n}{section.8}% 55
\BOOKMARK [2][-]{subsection.8.2}{\376\377\000C\000o\000r\000e\000\040\000I\000m\000p\000l\000e\000m\000e\000n\000t\000a\000t\000i\000o\000n\000:\000\040\000A\000C\000T\000I\000n\000f\000e\000r\000e\000n\000c\000e\000E\000n\000g\000i\000n\000e}{section.8}% 56
\BOOKMARK [2][-]{subsection.8.3}{\376\377\000R\000e\000a\000l\000R\000o\000b\000o\000t\000A\000C\000T\000I\000n\000f\000e\000r\000e\000n\000c\000e\000W\000r\000a\000p\000p\000e\000r\000\040\000I\000m\000p\000l\000e\000m\000e\000n\000t\000a\000t\000i\000o\000n}{section.8}% 57
\BOOKMARK [2][-]{subsection.8.4}{\376\377\000P\000r\000o\000j\000e\000c\000t\000\040\000S\000t\000r\000u\000c\000t\000u\000r\000e}{section.8}% 58
\BOOKMARK [2][-]{subsection.8.5}{\376\377\000T\000e\000s\000t\000i\000n\000g\000\040\000C\000o\000v\000e\000r\000a\000g\000e\000\040\000a\000n\000d\000\040\000Q\000u\000a\000l\000i\000t\000y\000\040\000M\000e\000t\000r\000i\000c\000s}{section.8}% 59
\BOOKMARK [2][-]{subsection.8.6}{\376\377\000D\000o\000c\000u\000m\000e\000n\000t\000a\000t\000i\000o\000n\000\040\000S\000t\000a\000n\000d\000a\000r\000d\000s}{section.8}% 60
\BOOKMARK [1][-]{section.9}{\376\377\000E\000x\000p\000e\000r\000i\000m\000e\000n\000t\000a\000l\000\040\000R\000e\000s\000u\000l\000t\000s\000\040\000a\000n\000d\000\040\000E\000v\000a\000l\000u\000a\000t\000i\000o\000n}{}% 61
\BOOKMARK [2][-]{subsection.9.1}{\376\377\000S\000i\000m\000u\000l\000a\000t\000i\000o\000n\000\040\000P\000e\000r\000f\000o\000r\000m\000a\000n\000c\000e\000\040\000R\000e\000s\000u\000l\000t\000s}{section.9}% 62
\BOOKMARK [2][-]{subsection.9.2}{\376\377\000R\000e\000a\000l\000\040\000R\000o\000b\000o\000t\000\040\000I\000n\000t\000e\000g\000r\000a\000t\000i\000o\000n\000\040\000S\000t\000a\000t\000u\000s}{section.9}% 63
\BOOKMARK [2][-]{subsection.9.3}{\376\377\000S\000o\000f\000t\000w\000a\000r\000e\000\040\000Q\000u\000a\000l\000i\000t\000y\000\040\000M\000e\000t\000r\000i\000c\000s}{section.9}% 64
\BOOKMARK [1][-]{section.10}{\376\377\000C\000o\000n\000c\000l\000u\000s\000i\000o\000n\000\040\000a\000n\000d\000\040\000F\000u\000t\000u\000r\000e\000\040\000W\000o\000r\000k}{}% 65
\BOOKMARK [2][-]{subsection.10.1}{\376\377\000P\000r\000o\000j\000e\000c\000t\000\040\000A\000c\000h\000i\000e\000v\000e\000m\000e\000n\000t\000s}{section.10}% 66
\BOOKMARK [2][-]{subsection.10.2}{\376\377\000K\000e\000y\000\040\000T\000e\000c\000h\000n\000i\000c\000a\000l\000\040\000I\000n\000s\000i\000g\000h\000t\000s}{section.10}% 67
\BOOKMARK [2][-]{subsection.10.3}{\376\377\000F\000u\000t\000u\000r\000e\000\040\000R\000e\000s\000e\000a\000r\000c\000h\000\040\000D\000i\000r\000e\000c\000t\000i\000o\000n\000s}{section.10}% 68
\BOOKMARK [2][-]{subsection.10.4}{\376\377\000P\000r\000o\000d\000u\000c\000t\000i\000o\000n\000\040\000D\000e\000p\000l\000o\000y\000m\000e\000n\000t\000\040\000R\000o\000a\000d\000m\000a\000p}{section.10}% 69
\BOOKMARK [2][-]{subsection.10.5}{\376\377\000R\000e\000p\000r\000o\000d\000u\000c\000i\000b\000i\000l\000i\000t\000y\000\040\000a\000n\000d\000\040\000D\000o\000c\000u\000m\000e\000n\000t\000a\000t\000i\000o\000n}{section.10}% 70
